// Jest Snapshot v1, https://goo.gl/fbAQLP

exports[`SignUp from: component renders correctly 1`] = `
<div
  className="sc-htpNat gIsAAs"
>
  <div
    className="sc-bxivhb gPVRgU"
  >
    <h3
      className="sc-ifAKCX bXZmPy"
    >
      lables:Signup
    </h3>
    <span
      className="sc-bwzfXH goCgBH"
      onClick={[MockFunction]}
    >
      ×
    </span>
  </div>
  <form
    className="formBody sc-EHOje fFPbRn"
    onSubmit={[Function]}
  >
    <p>
      lables:SignUp
    </p>
    <input
      className="email sc-bZQynM bGXiwX"
      name="email"
      onBlur={[Function]}
      onChange={[Function]}
      placeholder="lables:Email"
      value=""
    />
    <input
      className="phoneNumber sc-bZQynM bGXiwX"
      name="phoneNumber"
      onBlur={[Function]}
      onChange={[Function]}
      placeholder="lables:PhoneNumber"
      value=""
    />
    <input
      className="name sc-bZQynM bGXiwX"
      name="name"
      onBlur={[Function]}
      onChange={[Function]}
      placeholder="lables:Name"
      value=""
    />
    <input
      className="surname sc-bZQynM bGXiwX"
      name="surname"
      onBlur={[Function]}
      onChange={[Function]}
      placeholder="lables:Surname"
      value=""
    />
  </form>
  <div
    className="sc-gzVnrw dphOmL"
  >
    <button
      className="sc-bdVaJa fTgRSZ"
      onClick={[MockFunction]}
    >
      buttons:Close
    </button>
    <button
      className="sc-bdVaJa iiSudm"
      disabled={true}
      onClick={[Function]}
      type="submit"
    >
      buttons:ContinueSignup
    </button>
  </div>
</div>
`;

exports[`SignUp from: component renders correctly 2`] = `
<div
  className="sc-htpNat gIsAAs"
>
  <div
    className="sc-bxivhb gPVRgU"
  >
    <h3
      className="sc-ifAKCX bXZmPy"
    >
      lables:Signup
    </h3>
    <span
      className="sc-bwzfXH goCgBH"
      onClick={[MockFunction]}
    >
      ×
    </span>
  </div>
  <form
    className="formBody sc-EHOje fFPbRn"
    onSubmit={[Function]}
  >
    <p>
      lables:SignUp
    </p>
    <input
      className="email sc-bZQynM bGXiwX"
      name="email"
      onBlur={[Function]}
      onChange={[Function]}
      placeholder="lables:Email"
      value=""
    />
    <input
      className="phoneNumber sc-bZQynM bGXiwX"
      name="phoneNumber"
      onBlur={[Function]}
      onChange={[Function]}
      placeholder="lables:PhoneNumber"
      value=""
    />
    <input
      className="name sc-bZQynM bGXiwX"
      name="name"
      onBlur={[Function]}
      onChange={[Function]}
      placeholder="lables:Name"
      value=""
    />
    <input
      className="surname sc-bZQynM bGXiwX"
      name="surname"
      onBlur={[Function]}
      onChange={[Function]}
      placeholder="lables:Surname"
      value=""
    />
  </form>
  <div
    className="sc-gzVnrw dphOmL"
  >
    <button
      className="sc-bdVaJa fTgRSZ"
      onClick={[MockFunction]}
    >
      buttons:Close
    </button>
    <button
      className="sc-bdVaJa iiSudm"
      disabled={true}
      onClick={[Function]}
      type="submit"
    >
      buttons:ContinueSignup
    </button>
  </div>
</div>
`;
