// Jest Snapshot v1, https://goo.gl/fbAQLP

exports[`SignIn form: component renders correctly 1`] = `
.c7 {
  border: none;
  cursor: pointer;
  font-weight: bold;
  outline: none;
  padding: 10px;
  position: relative;
  background-color: #fff;
  color: red;
  float: left;
}

.c7:disabled {
  opacity: 0.4;
}

.c8 {
  border: none;
  cursor: pointer;
  font-weight: bold;
  outline: none;
  padding: 10px;
  position: relative;
  background: linear-gradient( to right, #159957 0%, #155799 51%, #159957 100% );
  background-size: 200%;
  -webkit-transition: 0.75s;
  transition: 0.75s;
  border-radius: 5px;
  color: white;
  float: right;
}

.c8:disabled {
  opacity: 0.4;
}

.c8:hover {
  background-position: right center;
}

.c3 {
  color: white;
  cursor: pointer;
  float: right;
  font-size: 34px;
  -webkit-transition: 1s;
  transition: 1s;
  margin: 0;
}

.c3:hover {
  color: #ce2d45;
  -webkit-transform-origin: center center;
  -ms-transform-origin: center center;
  transform-origin: center center;
  -webkit-transform: rotate(360deg);
  -ms-transform: rotate(360deg);
  transform: rotate(360deg);
}

.c0 {
  background: white;
  border: 1px solid #d0cccc;
  border-radius: 20px;
  position: fixed;
  z-index: 2;
  top: 20%;
  box-shadow: 0 5px 8px 0 rgba(0,0,0,0.2),0 7px 20px 0 rgba(0,0,0,0.17);
  margin: 100px auto 0;
  -webkit-transition: all 0.8s;
  transition: all 0.8s;
  width: 300px;
  left: calc(50% - 150px);
  box-shadow: 0 0 0 1000px rgba(0,0,0,0.8);
}

.c1 {
  background: #263238;
  border-radius: 20px 20px 0 0;
  height: 40px;
  line-height: 40px;
  padding: 5px 20px;
  text-align: right;
}

.c2 {
  color: white;
  float: left;
  margin: 0;
  padding: 0;
}

.c4 {
  padding: 10px 15px;
  text-align: center;
}

.c5 {
  padding: 8px 16px;
  margin: 2px;
  height: 24px;
  outline: none;
  width: 80%;
  border-radius: 16px;
  border-color: black;
}

.c6 {
  border-radius: 0 0 20px 20px;
  height: 35px;
  padding: 15px;
}

<div
  className="c0"
>
  <div
    className="c1"
  >
    <h3
      className="c2"
    >
      Singin
    </h3>
    <span
      className="c3"
      onClick={[MockFunction]}
    >
      ×
    </span>
  </div>
  <form
    className="formBody c4"
    onSubmit={[Function]}
  >
    <p>
      Please, enter your phone number:
    </p>
    <input
      autoComplete="tel"
      className="phoneNumber c5"
      name="phoneNumber"
      onBlur={[Function]}
      onChange={[Function]}
      placeholder="email or phone number"
      value=""
    />
  </form>
  <div
    className="c6"
  >
    <button
      className="c7"
      onClick={[MockFunction]}
    >
      CLOSE
    </button>
    <button
      className="c8"
      disabled={true}
      onClick={[Function]}
      type="submit"
    >
      SEND CODE
    </button>
  </div>
</div>
`;

exports[`SignIn form: component renders correctly 2`] = `
.c7 {
  border: none;
  cursor: pointer;
  font-weight: bold;
  outline: none;
  padding: 10px;
  position: relative;
  background-color: #fff;
  color: red;
  float: left;
}

.c7:disabled {
  opacity: 0.4;
}

.c8 {
  border: none;
  cursor: pointer;
  font-weight: bold;
  outline: none;
  padding: 10px;
  position: relative;
  background: linear-gradient( to right, #159957 0%, #155799 51%, #159957 100% );
  background-size: 200%;
  -webkit-transition: 0.75s;
  transition: 0.75s;
  border-radius: 5px;
  color: white;
  float: right;
}

.c8:disabled {
  opacity: 0.4;
}

.c8:hover {
  background-position: right center;
}

.c3 {
  color: white;
  cursor: pointer;
  float: right;
  font-size: 34px;
  -webkit-transition: 1s;
  transition: 1s;
  margin: 0;
}

.c3:hover {
  color: #ce2d45;
  -webkit-transform-origin: center center;
  -ms-transform-origin: center center;
  transform-origin: center center;
  -webkit-transform: rotate(360deg);
  -ms-transform: rotate(360deg);
  transform: rotate(360deg);
}

.c0 {
  background: white;
  border: 1px solid #d0cccc;
  border-radius: 20px;
  position: fixed;
  z-index: 2;
  top: 20%;
  box-shadow: 0 5px 8px 0 rgba(0,0,0,0.2),0 7px 20px 0 rgba(0,0,0,0.17);
  margin: 100px auto 0;
  -webkit-transition: all 0.8s;
  transition: all 0.8s;
  width: 300px;
  left: calc(50% - 150px);
  box-shadow: 0 0 0 1000px rgba(0,0,0,0.8);
}

.c1 {
  background: #263238;
  border-radius: 20px 20px 0 0;
  height: 40px;
  line-height: 40px;
  padding: 5px 20px;
  text-align: right;
}

.c2 {
  color: white;
  float: left;
  margin: 0;
  padding: 0;
}

.c4 {
  padding: 10px 15px;
  text-align: center;
}

.c5 {
  padding: 8px 16px;
  margin: 2px;
  height: 24px;
  outline: none;
  width: 80%;
  border-radius: 16px;
  border-color: black;
}

.c6 {
  border-radius: 0 0 20px 20px;
  height: 35px;
  padding: 15px;
}

<div
  className="c0"
>
  <div
    className="c1"
  >
    <h3
      className="c2"
    >
      Singin
    </h3>
    <span
      className="c3"
      onClick={[MockFunction]}
    >
      ×
    </span>
  </div>
  <form
    className="formBody c4"
    onSubmit={[Function]}
  >
    <p>
      Please, enter your phone number:
    </p>
    <input
      autoComplete="tel"
      className="phoneNumber c5"
      name="phoneNumber"
      onBlur={[Function]}
      onChange={[Function]}
      placeholder="email or phone number"
      value=""
    />
  </form>
  <div
    className="c6"
  >
    <button
      className="c7"
      onClick={[MockFunction]}
    >
      CLOSE
    </button>
    <button
      className="c8"
      disabled={true}
      onClick={[Function]}
      type="submit"
    >
      SEND CODE
    </button>
  </div>
</div>
`;
