// Jest Snapshot v1, https://goo.gl/fbAQLP

exports[`SignIn form: component renders correctly 1`] = `
.c10 {
  border: none;
  cursor: pointer;
  font-weight: bold;
  outline: none;
  padding: 10px;
  position: relative;
  background: linear-gradient( to right, #159957 0%, #155799 51%, #159957 100% );
  background-size: 200%;
  -webkit-transition: 0.75s;
  transition: 0.75s;
  border-radius: 5px;
  color: white;
  float: right;
}

.c10:disabled {
  opacity: 0.4;
}

.c10:hover {
  background-position: right center;
}

.c3 {
  color: white;
  cursor: pointer;
  float: right;
  font-size: 34px;
  -webkit-transition: 1s;
  transition: 1s;
  margin: 0;
}

.c3:hover {
  color: #ce2d45;
  -webkit-transform-origin: center center;
  -ms-transform-origin: center center;
  transform-origin: center center;
  -webkit-transform: rotate(360deg);
  -ms-transform: rotate(360deg);
  transform: rotate(360deg);
}

.c0 {
  background: rgba(0,0,0,0.8);
  position: fixed;
  z-index: 2;
  color: white;
  top: 20%;
  box-shadow: 0 5px 8px 0 rgba(0,0,0,0.2),0 7px 20px 0 rgba(0,0,0,0.17);
  margin: 100px auto 0;
  -webkit-transition: all 0.8s;
  transition: all 0.8s;
  width: 300px;
  left: calc(50% - 150px);
  box-shadow: 0 0 0 1000px rgba(0,0,0,0.8);
}

.c0::after,
.c0::before {
  content: '';
  display: block;
  position: absolute;
  z-index: -1;
  width: 100%;
  height: 100%;
  margin: 2px;
  border: 2px solid;
  border-radius: 2px;
  border-color: #fff;
}

.c0::after {
  bottom: 0;
  right: 0;
}

.c0::before {
  top: 0;
  left: 0;
}

.c1 {
  border-radius: 20px 20px 0 0;
  height: 40px;
  line-height: 40px;
  padding: 5px 20px;
  text-align: right;
}

.c2 {
  color: white;
  float: left;
  margin: 0;
  padding: 0;
}

.c4 {
  padding: 10px 15px;
  text-align: center;
}

.c9 {
  border-radius: 0 0 20px 20px;
  display: -webkit-box;
  display: -webkit-flex;
  display: -ms-flexbox;
  display: flex;
  -webkit-box-pack: center;
  -webkit-justify-content: center;
  -ms-flex-pack: center;
  justify-content: center;
  height: 35px;
  padding: 15px;
}

.c5 {
  position: relative;
  margin-bottom: 30px;
}

.c6 {
  font-size: 16px;
  padding: 10px 0;
  display: block;
  color: #ffffff;
  background: transparent;
  width: 100%;
  border: none;
  border-bottom: 1px solid #ccc;
}

.c6:focus {
  outline: none;
}

.c6:focus ~ span:before,
.c6:focus ~ span:after {
  width: 50%;
}

.c6:focus ~ label,
.c6:valid ~ label {
  top: -15px;
  font-size: 14px;
  color: #ffffff;
}

.c7 {
  position: relative;
  display: block;
  width: 100%;
}

.c7::before,
.c7::after {
  content: '';
  height: 2px;
  width: 0;
  bottom: 0;
  position: absolute;
  background: #ffffff;
  -webkit-transition: 0.2s ease all;
  transition: 0.2s ease all;
}

.c7::before {
  left: 50%;
}

.c7::after {
  right: 50%;
}

.c8 {
  color: #ffffff;
  font-size: 18px;
  position: absolute;
  pointer-events: none;
  left: 10px;
  top: 15px;
  -webkit-transition: 0.2s ease all;
  transition: 0.2s ease all;
}

<div
  className="c0"
>
  <div
    className="c1"
  >
    <h3
      className="c2"
    >
      Singin
    </h3>
    <span
      className="c3"
      onClick={[MockFunction]}
    >
      ×
    </span>
  </div>
  <form
    className="formBody c4"
    onSubmit={[Function]}
  >
    <p>
      Please, enter your phone number:
    </p>
    <div
      className="c5"
    >
      <input
        autoComplete="tel"
        className="phoneNumber c6"
        name="phoneNumber"
        onBlur={[Function]}
        onChange={[Function]}
        required={true}
        type="text"
        value=""
      />
      <span
        className="c7"
      />
      <label
        className="c8"
      >
        Phone Number
      </label>
    </div>
  </form>
  <div
    className="c9"
  >
    <button
      className="c10"
      disabled={true}
      onClick={[Function]}
      type="submit"
    >
      SEND CODE
    </button>
  </div>
</div>
`;

exports[`SignIn form: component renders correctly 2`] = `
.c10 {
  border: none;
  cursor: pointer;
  font-weight: bold;
  outline: none;
  padding: 10px;
  position: relative;
  background: linear-gradient( to right, #159957 0%, #155799 51%, #159957 100% );
  background-size: 200%;
  -webkit-transition: 0.75s;
  transition: 0.75s;
  border-radius: 5px;
  color: white;
  float: right;
}

.c10:disabled {
  opacity: 0.4;
}

.c10:hover {
  background-position: right center;
}

.c3 {
  color: white;
  cursor: pointer;
  float: right;
  font-size: 34px;
  -webkit-transition: 1s;
  transition: 1s;
  margin: 0;
}

.c3:hover {
  color: #ce2d45;
  -webkit-transform-origin: center center;
  -ms-transform-origin: center center;
  transform-origin: center center;
  -webkit-transform: rotate(360deg);
  -ms-transform: rotate(360deg);
  transform: rotate(360deg);
}

.c0 {
  background: rgba(0,0,0,0.8);
  position: fixed;
  z-index: 2;
  color: white;
  top: 20%;
  box-shadow: 0 5px 8px 0 rgba(0,0,0,0.2),0 7px 20px 0 rgba(0,0,0,0.17);
  margin: 100px auto 0;
  -webkit-transition: all 0.8s;
  transition: all 0.8s;
  width: 300px;
  left: calc(50% - 150px);
  box-shadow: 0 0 0 1000px rgba(0,0,0,0.8);
}

.c0::after,
.c0::before {
  content: '';
  display: block;
  position: absolute;
  z-index: -1;
  width: 100%;
  height: 100%;
  margin: 2px;
  border: 2px solid;
  border-radius: 2px;
  border-color: #fff;
}

.c0::after {
  bottom: 0;
  right: 0;
}

.c0::before {
  top: 0;
  left: 0;
}

.c1 {
  border-radius: 20px 20px 0 0;
  height: 40px;
  line-height: 40px;
  padding: 5px 20px;
  text-align: right;
}

.c2 {
  color: white;
  float: left;
  margin: 0;
  padding: 0;
}

.c4 {
  padding: 10px 15px;
  text-align: center;
}

.c9 {
  border-radius: 0 0 20px 20px;
  display: -webkit-box;
  display: -webkit-flex;
  display: -ms-flexbox;
  display: flex;
  -webkit-box-pack: center;
  -webkit-justify-content: center;
  -ms-flex-pack: center;
  justify-content: center;
  height: 35px;
  padding: 15px;
}

.c5 {
  position: relative;
  margin-bottom: 30px;
}

.c6 {
  font-size: 16px;
  padding: 10px 0;
  display: block;
  color: #ffffff;
  background: transparent;
  width: 100%;
  border: none;
  border-bottom: 1px solid #ccc;
}

.c6:focus {
  outline: none;
}

.c6:focus ~ span:before,
.c6:focus ~ span:after {
  width: 50%;
}

.c6:focus ~ label,
.c6:valid ~ label {
  top: -15px;
  font-size: 14px;
  color: #ffffff;
}

.c7 {
  position: relative;
  display: block;
  width: 100%;
}

.c7::before,
.c7::after {
  content: '';
  height: 2px;
  width: 0;
  bottom: 0;
  position: absolute;
  background: #ffffff;
  -webkit-transition: 0.2s ease all;
  transition: 0.2s ease all;
}

.c7::before {
  left: 50%;
}

.c7::after {
  right: 50%;
}

.c8 {
  color: #ffffff;
  font-size: 18px;
  position: absolute;
  pointer-events: none;
  left: 10px;
  top: 15px;
  -webkit-transition: 0.2s ease all;
  transition: 0.2s ease all;
}

<div
  className="c0"
>
  <div
    className="c1"
  >
    <h3
      className="c2"
    >
      Singin
    </h3>
    <span
      className="c3"
      onClick={[MockFunction]}
    >
      ×
    </span>
  </div>
  <form
    className="formBody c4"
    onSubmit={[Function]}
  >
    <p>
      Please, enter your phone number:
    </p>
    <div
      className="c5"
    >
      <input
        autoComplete="tel"
        className="phoneNumber c6"
        name="phoneNumber"
        onBlur={[Function]}
        onChange={[Function]}
        required={true}
        type="text"
        value=""
      />
      <span
        className="c7"
      />
      <label
        className="c8"
      >
        Phone Number
      </label>
    </div>
  </form>
  <div
    className="c9"
  >
    <button
      className="c10"
      disabled={true}
      onClick={[Function]}
      type="submit"
    >
      SEND CODE
    </button>
  </div>
</div>
`;
